Component: ARM Compiler 5.06 update 4 (build 422) Tool: armlink [4d35d2]

==============================================================================

Section Cross References

    proyectopruebamain.o(i.blockingReadFromUart) refers to ourcom.o(i.readFromUart) for readFromUart
    proyectopruebamain.o(i.initGPIO) refers to ourrccgpio.o(i.RCC_AHB1PeriphClockCmd) for RCC_AHB1PeriphClockCmd
    proyectopruebamain.o(i.initGPIO) refers to ourrccgpio.o(i.initGpioPinMode) for initGpioPinMode
    proyectopruebamain.o(i.initGPIO) refers to proyectopruebamain.o(.data) for ledPins
    proyectopruebamain.o(i.main) refers to _printf_pad.o(.text) for _printf_pre_padding
    proyectopruebamain.o(i.main) refers to _printf_percent.o(.ARM.Collect$$_printf_percent$$00000000) for _printf_percent
    proyectopruebamain.o(i.main) refers to _printf_x.o(.ARM.Collect$$_printf_percent$$0000000C) for _printf_x
    proyectopruebamain.o(i.main) refers to _printf_hex_int.o(.text) for _printf_longlong_hex
    proyectopruebamain.o(i.main) refers to rt_memcpy_w.o(.text) for __aeabi_memcpy4
    proyectopruebamain.o(i.main) refers to sysclockandtick.o(i.initSysTick) for initSysTick
    proyectopruebamain.o(i.main) refers to ourcom.o(i.initCom) for initCom
    proyectopruebamain.o(i.main) refers to ourexti.o(i.enablePA0interruptOnExti0WhenRising) for enablePA0interruptOnExti0WhenRising
    proyectopruebamain.o(i.main) refers to proyectopruebamain.o(i.initGPIO) for initGPIO
    proyectopruebamain.o(i.main) refers to ouradc.o(i.initAdc01) for initAdc01
    proyectopruebamain.o(i.main) refers to strlen.o(.text) for strlen
    proyectopruebamain.o(i.main) refers to ourcom.o(i.writeToUart) for writeToUart
    proyectopruebamain.o(i.main) refers to ouradc.o(i.sinchronousGetSample) for sinchronousGetSample
    proyectopruebamain.o(i.main) refers to ourrccgpio.o(i.setGpioPinValue) for setGpioPinValue
    proyectopruebamain.o(i.main) refers to proyectopruebamain.o(i.turnOffAllLeds) for turnOffAllLeds
    proyectopruebamain.o(i.main) refers to noretval__2sprintf.o(.text) for __2sprintf
    proyectopruebamain.o(i.main) refers to strcat.o(.text) for strcat
    proyectopruebamain.o(i.main) refers to proyectopruebamain.o(i.blockingReadFromUart) for blockingReadFromUart
    proyectopruebamain.o(i.main) refers to strcmpv7m.o(.text) for strcmp
    proyectopruebamain.o(i.main) refers to proyectopruebamain.o(i.resetPassword) for resetPassword
    proyectopruebamain.o(i.main) refers to sysclockandtick.o(i.waitSysTick) for waitSysTick
    proyectopruebamain.o(i.main) refers to proyectopruebamain.o(.data) for pos_password
    proyectopruebamain.o(i.main) refers to proyectopruebamain.o(.bss) for password
    proyectopruebamain.o(i.ourExti0Handler) refers to proyectopruebamain.o(.data) for pos_password
    proyectopruebamain.o(i.resetPassword) refers to proyectopruebamain.o(.bss) for password
    proyectopruebamain.o(i.resetPassword) refers to proyectopruebamain.o(.data) for pos_password
    proyectopruebamain.o(i.turnOffAllLeds) refers to ourrccgpio.o(i.setGpioPinValue) for setGpioPinValue
    proyectopruebamain.o(i.turnOffAllLeds) refers to proyectopruebamain.o(.data) for ledPins
    sysclockandtick.o(i.SysTick_Handler) refers to sysclockandtick.o(.data) for ticks
    sysclockandtick.o(i.getTime) refers to sysclockandtick.o(.data) for ticks
    sysclockandtick.o(i.initSysTick) refers to sysclockandtick.o(i.getSysClockFrequency) for getSysClockFrequency
    sysclockandtick.o(i.waitSysTick) refers to sysclockandtick.o(.data) for ticksOld
    startup_stm32f407xx.o(STACK) refers (Special) to heapauxi.o(.text) for __use_two_region_memory
    startup_stm32f407xx.o(HEAP) refers (Special) to heapauxi.o(.text) for __use_two_region_memory
    startup_stm32f407xx.o(RESET) refers (Special) to heapauxi.o(.text) for __use_two_region_memory
    startup_stm32f407xx.o(RESET) refers to startup_stm32f407xx.o(STACK) for __initial_sp
    startup_stm32f407xx.o(RESET) refers to startup_stm32f407xx.o(.text) for Reset_Handler
    startup_stm32f407xx.o(RESET) refers to sysclockandtick.o(i.SysTick_Handler) for SysTick_Handler
    startup_stm32f407xx.o(RESET) refers to proyectopruebamain.o(i.ourExti0Handler) for ourExti0Handler
    startup_stm32f407xx.o(RESET) refers to ourcom.o(i.USART3_IRQHandler) for USART3_IRQHandler
    startup_stm32f407xx.o(RESET) refers to ourcom.o(i.USART6_IRQHandler) for USART6_IRQHandler
    startup_stm32f407xx.o(.text) refers (Special) to heapauxi.o(.text) for __use_two_region_memory
    startup_stm32f407xx.o(.text) refers to system_stm32f4xx.o(i.SystemInit) for SystemInit
    startup_stm32f407xx.o(.text) refers to __main.o(!!!main) for __main
    startup_stm32f407xx.o(.text) refers to startup_stm32f407xx.o(HEAP) for Heap_Mem
    startup_stm32f407xx.o(.text) refers to startup_stm32f407xx.o(STACK) for Stack_Mem
    system_stm32f4xx.o(i.SystemCoreClockUpdate) refers to system_stm32f4xx.o(.data) for SystemCoreClock
    system_stm32f4xx.o(i.SystemCoreClockUpdate) refers to system_stm32f4xx.o(.constdata) for AHBPrescTable
    ourcom.o(i.USART3_IRQHandler) refers to ourcom.o(i.uartHandler) for uartHandler
    ourcom.o(i.USART6_IRQHandler) refers to ourcom.o(i.uartHandler) for uartHandler
    ourcom.o(i.initCom) refers to ourrccgpio.o(i.RCC_AHB1PeriphClockCmd) for RCC_AHB1PeriphClockCmd
    ourcom.o(i.initCom) refers to ourrccgpio.o(i.RCC_APB1PeriphClockCmd) for RCC_APB1PeriphClockCmd
    ourcom.o(i.initCom) refers to ourrccgpio.o(i.RCC_APB2PeriphClockCmd) for RCC_APB2PeriphClockCmd
    ourcom.o(i.initCom) refers to ourrccgpio.o(i.initGpioPinMode) for initGpioPinMode
    ourcom.o(i.initCom) refers to ourrccgpio.o(i.setGpioPinAF) for setGpioPinAF
    ourcom.o(i.initCom) refers to ouruart.o(i.configUart) for configUart
    ourcom.o(i.initCom) refers to u8buffer.o(i.initBuffer) for initBuffer
    ourcom.o(i.initCom) refers to ourcom.o(i.initUartInts) for initUartInts
    ourcom.o(i.initCom) refers to ourcom.o(.data) for uartCfgs
    ourcom.o(i.initCom) refers to ourcom.o(.bss) for uarts
    ourcom.o(i.initUartInts) refers to ourcom.o(.data) for uartCfgs
    ourcom.o(i.readFromUart) refers to u8buffer.o(i.getNumElements) for getNumElements
    ourcom.o(i.readFromUart) refers to u8buffer.o(i.get) for get
    ourcom.o(i.readFromUart) refers to ourcom.o(.bss) for uarts
    ourcom.o(i.uartHandler) refers to u8buffer.o(i.put) for put
    ourcom.o(i.uartHandler) refers to u8buffer.o(i.get) for get
    ourcom.o(i.uartHandler) refers to ourcom.o(.data) for uartCfgs
    ourcom.o(i.uartHandler) refers to ourcom.o(.bss) for uarts
    ourcom.o(i.writeToUart) refers to u8buffer.o(i.getNumHoles) for getNumHoles
    ourcom.o(i.writeToUart) refers to u8buffer.o(i.put) for put
    ourcom.o(i.writeToUart) refers to u8buffer.o(i.getNumElements) for getNumElements
    ourcom.o(i.writeToUart) refers to ourcom.o(.bss) for uarts
    ourcom.o(i.writeToUart) refers to ourcom.o(.data) for uartCfgs
    u8buffer.o(i.get) refers to u8buffer.o(i.isEmpty) for isEmpty
    u8buffer.o(i.put) refers to u8buffer.o(i.isFull) for isFull
    __2sprintf.o(.text) refers to _printf_char_common.o(.text) for _printf_char_common
    __2sprintf.o(.text) refers to _sputc.o(.text) for _sputc
    noretval__2sprintf.o(.text) refers to _printf_char_common.o(.text) for _printf_char_common
    noretval__2sprintf.o(.text) refers to _sputc.o(.text) for _sputc
    __printf.o(.text) refers to _printf_percent.o(.ARM.Collect$$_printf_percent$$00000000) for _printf_percent
    _printf_hex_ll.o(.text) refers to _printf_intcommon.o(.text) for _printf_int_common
    _printf_hex_ll.o(.text) refers to _printf_hex_ll.o(.constdata) for .constdata
    _printf_hex_int.o(.text) refers to _printf_intcommon.o(.text) for _printf_int_common
    _printf_hex_int.o(.text) refers to _printf_hex_int.o(.constdata) for .constdata
    _printf_hex_int_ll.o(.text) refers to _printf_intcommon.o(.text) for _printf_int_common
    _printf_hex_int_ll.o(.text) refers to _printf_hex_int_ll.o(.constdata) for .constdata
    _printf_hex_ptr.o(.text) refers to _printf_intcommon.o(.text) for _printf_int_common
    _printf_hex_ptr.o(.text) refers to _printf_hex_ptr.o(.constdata) for .constdata
    _printf_hex_int_ptr.o(.text) refers to _printf_intcommon.o(.text) for _printf_int_common
    _printf_hex_int_ptr.o(.text) refers to _printf_hex_int_ptr.o(.constdata) for .constdata
    _printf_hex_ll_ptr.o(.text) refers to _printf_intcommon.o(.text) for _printf_int_common
    _printf_hex_ll_ptr.o(.text) refers to _printf_hex_ll_ptr.o(.constdata) for .constdata
    _printf_hex_int_ll_ptr.o(.text) refers to _printf_intcommon.o(.text) for _printf_int_common
    _printf_hex_int_ll_ptr.o(.text) refers to _printf_hex_int_ll_ptr.o(.constdata) for .constdata
    __printf_flags.o(.text) refers to _printf_percent.o(.ARM.Collect$$_printf_percent$$00000000) for _printf_percent
    __printf_flags.o(.text) refers to __printf_flags.o(.constdata) for .constdata
    __printf_ss.o(.text) refers to _printf_percent.o(.ARM.Collect$$_printf_percent$$00000000) for _printf_percent
    __printf_flags_ss.o(.text) refers to _printf_percent.o(.ARM.Collect$$_printf_percent$$00000000) for _printf_percent
    __printf_flags_ss.o(.text) refers to __printf_flags_ss.o(.constdata) for .constdata
    __printf_wp.o(.text) refers to __printf_wp.o(i._is_digit) for _is_digit
    __printf_wp.o(.text) refers to _printf_percent.o(.ARM.Collect$$_printf_percent$$00000000) for _printf_percent
    __printf_flags_wp.o(.text) refers to __printf_wp.o(i._is_digit) for _is_digit
    __printf_flags_wp.o(.text) refers to _printf_percent.o(.ARM.Collect$$_printf_percent$$00000000) for _printf_percent
    __printf_flags_wp.o(.text) refers to __printf_flags_wp.o(.constdata) for .constdata
    __printf_ss_wp.o(.text) refers to __printf_wp.o(i._is_digit) for _is_digit
    __printf_ss_wp.o(.text) refers to _printf_percent.o(.ARM.Collect$$_printf_percent$$00000000) for _printf_percent
    __printf_flags_ss_wp.o(.text) refers to __printf_wp.o(i._is_digit) for _is_digit
    __printf_flags_ss_wp.o(.text) refers to _printf_percent.o(.ARM.Collect$$_printf_percent$$00000000) for _printf_percent
    __printf_flags_ss_wp.o(.text) refers to __printf_flags_ss_wp.o(.constdata) for .constdata
    _printf_x.o(.ARM.Collect$$_printf_percent$$0000000C) refers (Weak) to _printf_hex_int.o(.text) for _printf_int_hex
    _printf_percent.o(.ARM.Collect$$_printf_percent$$00000000) refers (Special) to _printf_percent_end.o(.ARM.Collect$$_printf_percent$$00000017) for _printf_percent_end
    __main.o(!!!main) refers to __rtentry.o(.ARM.Collect$$rtentry$$00000000) for __rt_entry
    __rtentry.o(.ARM.Collect$$rtentry$$00000000) refers (Special) to __rtentry2.o(.ARM.Collect$$rtentry$$0000000A) for __rt_entry_li
    __rtentry.o(.ARM.Collect$$rtentry$$00000000) refers (Special) to __rtentry2.o(.ARM.Collect$$rtentry$$0000000D) for __rt_entry_main
    __rtentry.o(.ARM.Collect$$rtentry$$00000000) refers (Special) to __rtentry2.o(.ARM.Collect$$rtentry$$0000000C) for __rt_entry_postli_1
    __rtentry.o(.ARM.Collect$$rtentry$$00000000) refers (Special) to __rtentry2.o(.ARM.Collect$$rtentry$$00000009) for __rt_entry_postsh_1
    __rtentry.o(.ARM.Collect$$rtentry$$00000000) refers (Special) to __rtentry2.o(.ARM.Collect$$rtentry$$00000002) for __rt_entry_presh_1
    __rtentry.o(.ARM.Collect$$rtentry$$00000000) refers (Special) to __rtentry4.o(.ARM.Collect$$rtentry$$00000004) for __rt_entry_sh
    _printf_intcommon.o(.text) refers (Weak) to _printf_pad.o(.text) for _printf_pre_padding
    _printf_intcommon.o(.text) refers (Weak) to _printf_pad.o(.text) for _printf_pre_padding
    _printf_intcommon.o(.text) refers (Weak) to _printf_pad.o(.text) for _printf_post_padding
    _printf_char_common.o(.text) refers to __printf_flags_wp.o(.text) for __printf
    __rtentry2.o(.ARM.Collect$$rtentry$$00000008) refers to boardinit2.o(.text) for _platform_post_stackheap_init
    __rtentry2.o(.ARM.Collect$$rtentry$$0000000A) refers to libinit.o(.ARM.Collect$$libinit$$00000000) for __rt_lib_init
    __rtentry2.o(.ARM.Collect$$rtentry$$0000000B) refers to boardinit3.o(.text) for _platform_post_lib_init
    __rtentry2.o(.ARM.Collect$$rtentry$$0000000D) refers to proyectopruebamain.o(i.main) for main
    __rtentry2.o(.ARM.Collect$$rtentry$$0000000D) refers to exit.o(.text) for exit
    __rtentry2.o(.ARM.exidx) refers to __rtentry2.o(.ARM.Collect$$rtentry$$00000001) for .ARM.Collect$$rtentry$$00000001
    __rtentry2.o(.ARM.exidx) refers to __rtentry2.o(.ARM.Collect$$rtentry$$00000008) for .ARM.Collect$$rtentry$$00000008
    __rtentry2.o(.ARM.exidx) refers to __rtentry2.o(.ARM.Collect$$rtentry$$0000000A) for .ARM.Collect$$rtentry$$0000000A
    __rtentry2.o(.ARM.exidx) refers to __rtentry2.o(.ARM.Collect$$rtentry$$0000000B) for .ARM.Collect$$rtentry$$0000000B
    __rtentry2.o(.ARM.exidx) refers to __rtentry2.o(.ARM.Collect$$rtentry$$0000000D) for .ARM.Collect$$rtentry$$0000000D
    __rtentry4.o(.ARM.Collect$$rtentry$$00000004) refers to sys_stackheap_outer.o(.text) for __user_setup_stackheap
    __rtentry4.o(.ARM.exidx) refers to __rtentry4.o(.ARM.Collect$$rtentry$$00000004) for .ARM.Collect$$rtentry$$00000004
    sys_stackheap_outer.o(.text) refers to libspace.o(.text) for __user_perproc_libspace
    sys_stackheap_outer.o(.text) refers to startup_stm32f407xx.o(.text) for __user_initial_stackheap
    exit.o(.text) refers to rtexit.o(.ARM.Collect$$rtexit$$00000000) for __rt_exit
    libinit.o(.ARM.Collect$$libinit$$00000000) refers (Special) to libinit2.o(.ARM.Collect$$libinit$$0000002E) for __rt_lib_init_alloca_1
    libinit.o(.ARM.Collect$$libinit$$00000000) refers (Special) to libinit2.o(.ARM.Collect$$libinit$$0000002C) for __rt_lib_init_argv_1
    libinit.o(.ARM.Collect$$libinit$$00000000) refers (Special) to libinit2.o(.ARM.Collect$$libinit$$0000001B) for __rt_lib_init_atexit_1
    libinit.o(.ARM.Collect$$libinit$$00000000) refers (Special) to libinit2.o(.ARM.Collect$$libinit$$00000021) for __rt_lib_init_clock_1
    libinit.o(.ARM.Collect$$libinit$$00000000) refers (Special) to libinit2.o(.ARM.Collect$$libinit$$00000032) for __rt_lib_init_cpp_1
    libinit.o(.ARM.Collect$$libinit$$00000000) refers (Special) to libinit2.o(.ARM.Collect$$libinit$$00000030) for __rt_lib_init_exceptions_1
    libinit.o(.ARM.Collect$$libinit$$00000000) refers (Special) to libinit2.o(.ARM.Collect$$libinit$$00000001) for __rt_lib_init_fp_1
    libinit.o(.ARM.Collect$$libinit$$00000000) refers (Special) to libinit2.o(.ARM.Collect$$libinit$$0000001F) for __rt_lib_init_fp_trap_1
    libinit.o(.ARM.Collect$$libinit$$00000000) refers (Special) to libinit2.o(.ARM.Collect$$libinit$$00000023) for __rt_lib_init_getenv_1
    libinit.o(.ARM.Collect$$libinit$$00000000) refers (Special) to libinit2.o(.ARM.Collect$$libinit$$0000000A) for __rt_lib_init_heap_1
    libinit.o(.ARM.Collect$$libinit$$00000000) refers (Special) to libinit2.o(.ARM.Collect$$libinit$$00000011) for __rt_lib_init_lc_collate_1
    libinit.o(.ARM.Collect$$libinit$$00000000) refers (Special) to libinit2.o(.ARM.Collect$$libinit$$00000013) for __rt_lib_init_lc_ctype_1
    libinit.o(.ARM.Collect$$libinit$$00000000) refers (Special) to libinit2.o(.ARM.Collect$$libinit$$00000015) for __rt_lib_init_lc_monetary_1
    libinit.o(.ARM.Collect$$libinit$$00000000) refers (Special) to libinit2.o(.ARM.Collect$$libinit$$00000017) for __rt_lib_init_lc_numeric_1
    libinit.o(.ARM.Collect$$libinit$$00000000) refers (Special) to libinit2.o(.ARM.Collect$$libinit$$00000019) for __rt_lib_init_lc_time_1
    libinit.o(.ARM.Collect$$libinit$$00000000) refers (Special) to libinit2.o(.ARM.Collect$$libinit$$00000004) for __rt_lib_init_preinit_1
    libinit.o(.ARM.Collect$$libinit$$00000000) refers (Special) to libinit2.o(.ARM.Collect$$libinit$$0000000E) for __rt_lib_init_rand_1
    libinit.o(.ARM.Collect$$libinit$$00000000) refers (Special) to libinit2.o(.ARM.Collect$$libinit$$00000033) for __rt_lib_init_return
    libinit.o(.ARM.Collect$$libinit$$00000000) refers (Special) to libinit2.o(.ARM.Collect$$libinit$$0000001D) for __rt_lib_init_signal_1
    libinit.o(.ARM.Collect$$libinit$$00000000) refers (Special) to libinit2.o(.ARM.Collect$$libinit$$00000025) for __rt_lib_init_stdio_1
    libinit.o(.ARM.Collect$$libinit$$00000000) refers (Special) to libinit2.o(.ARM.Collect$$libinit$$0000000C) for __rt_lib_init_user_alloc_1
    libspace.o(.text) refers to libspace.o(.bss) for __libspace_start
    rtexit.o(.ARM.Collect$$rtexit$$00000000) refers (Special) to rtexit2.o(.ARM.Collect$$rtexit$$00000004) for __rt_exit_exit
    rtexit.o(.ARM.Collect$$rtexit$$00000000) refers (Special) to rtexit2.o(.ARM.Collect$$rtexit$$00000003) for __rt_exit_ls
    rtexit.o(.ARM.Collect$$rtexit$$00000000) refers (Special) to rtexit2.o(.ARM.Collect$$rtexit$$00000002) for __rt_exit_prels_1
    rtexit.o(.ARM.exidx) refers (Special) to rtexit2.o(.ARM.Collect$$rtexit$$00000004) for __rt_exit_exit
    rtexit.o(.ARM.exidx) refers (Special) to rtexit2.o(.ARM.Collect$$rtexit$$00000003) for __rt_exit_ls
    rtexit.o(.ARM.exidx) refers (Special) to rtexit2.o(.ARM.Collect$$rtexit$$00000002) for __rt_exit_prels_1
    rtexit.o(.ARM.exidx) refers to rtexit.o(.ARM.Collect$$rtexit$$00000000) for .ARM.Collect$$rtexit$$00000000
    libinit2.o(.ARM.Collect$$libinit$$00000001) refers to fpinit.o(x$fpl$fpinit) for _fp_init
    libinit2.o(.ARM.Collect$$libinit$$00000010) refers to libinit2.o(.ARM.Collect$$libinit$$0000000F) for .ARM.Collect$$libinit$$0000000F
    libinit2.o(.ARM.Collect$$libinit$$00000012) refers to libinit2.o(.ARM.Collect$$libinit$$0000000F) for .ARM.Collect$$libinit$$0000000F
    libinit2.o(.ARM.Collect$$libinit$$00000014) refers to libinit2.o(.ARM.Collect$$libinit$$0000000F) for .ARM.Collect$$libinit$$0000000F
    libinit2.o(.ARM.Collect$$libinit$$00000016) refers to libinit2.o(.ARM.Collect$$libinit$$0000000F) for .ARM.Collect$$libinit$$0000000F
    libinit2.o(.ARM.Collect$$libinit$$00000018) refers to libinit2.o(.ARM.Collect$$libinit$$0000000F) for .ARM.Collect$$libinit$$0000000F
    libinit2.o(.ARM.Collect$$libinit$$00000026) refers to argv_veneer.o(.emb_text) for __ARM_argv_veneer
    libinit2.o(.ARM.Collect$$libinit$$00000027) refers to argv_veneer.o(.emb_text) for __ARM_argv_veneer
    rtexit2.o(.ARM.Collect$$rtexit$$00000003) refers to libshutdown.o(.ARM.Collect$$libshutdown$$00000000) for __rt_lib_shutdown
    rtexit2.o(.ARM.Collect$$rtexit$$00000004) refers to sys_exit.o(.text) for _sys_exit
    rtexit2.o(.ARM.exidx) refers to rtexit2.o(.ARM.Collect$$rtexit$$00000001) for .ARM.Collect$$rtexit$$00000001
    rtexit2.o(.ARM.exidx) refers to rtexit2.o(.ARM.Collect$$rtexit$$00000003) for .ARM.Collect$$rtexit$$00000003
    rtexit2.o(.ARM.exidx) refers to rtexit2.o(.ARM.Collect$$rtexit$$00000004) for .ARM.Collect$$rtexit$$00000004
    argv_veneer.o(.emb_text) refers to no_argv.o(.text) for __ARM_get_argv
    sys_exit.o(.text) refers (Special) to use_no_semi.o(.text) for __I$use$semihosting
    sys_exit.o(.text) refers (Special) to indicate_semi.o(.text) for __semihosting_library_function
    _get_argv_nomalloc.o(.text) refers (Special) to hrguard.o(.text) for __heap_region$guard
    _get_argv_nomalloc.o(.text) refers to defsig_rtmem_outer.o(.text) for __rt_SIGRTMEM
    _get_argv_nomalloc.o(.text) refers to sys_command.o(.text) for _sys_command_string
    libshutdown.o(.ARM.Collect$$libshutdown$$00000000) refers (Special) to libshutdown2.o(.ARM.Collect$$libshutdown$$00000002) for __rt_lib_shutdown_cpp_1
    libshutdown.o(.ARM.Collect$$libshutdown$$00000000) refers (Special) to libshutdown2.o(.ARM.Collect$$libshutdown$$00000007) for __rt_lib_shutdown_fp_trap_1
    libshutdown.o(.ARM.Collect$$libshutdown$$00000000) refers (Special) to libshutdown2.o(.ARM.Collect$$libshutdown$$0000000F) for __rt_lib_shutdown_heap_1
    libshutdown.o(.ARM.Collect$$libshutdown$$00000000) refers (Special) to libshutdown2.o(.ARM.Collect$$libshutdown$$00000010) for __rt_lib_shutdown_return
    libshutdown.o(.ARM.Collect$$libshutdown$$00000000) refers (Special) to libshutdown2.o(.ARM.Collect$$libshutdown$$0000000A) for __rt_lib_shutdown_signal_1
    libshutdown.o(.ARM.Collect$$libshutdown$$00000000) refers (Special) to libshutdown2.o(.ARM.Collect$$libshutdown$$00000004) for __rt_lib_shutdown_stdio_1
    libshutdown.o(.ARM.Collect$$libshutdown$$00000000) refers (Special) to libshutdown2.o(.ARM.Collect$$libshutdown$$0000000C) for __rt_lib_shutdown_user_alloc_1
    sys_command.o(.text) refers (Special) to use_no_semi.o(.text) for __I$use$semihosting
    sys_command.o(.text) refers (Special) to indicate_semi.o(.text) for __semihosting_library_function
    defsig_rtmem_outer.o(.text) refers to defsig_rtmem_inner.o(.text) for __rt_SIGRTMEM_inner
    defsig_rtmem_outer.o(.text) refers to defsig_exit.o(.text) for __sig_exit
    defsig_rtmem_formal.o(.text) refers to rt_raise.o(.text) for __rt_raise
    rt_raise.o(.text) refers to __raise.o(.text) for __raise
    rt_raise.o(.text) refers to sys_exit.o(.text) for _sys_exit
    defsig_exit.o(.text) refers to sys_exit.o(.text) for _sys_exit
    defsig_rtmem_inner.o(.text) refers to defsig_general.o(.text) for __default_signal_display
    __raise.o(.text) refers to defsig.o(CL$$defsig) for __default_signal_handler
    defsig_general.o(.text) refers to sys_wrch.o(.text) for _ttywrch
    sys_wrch.o(.text) refers (Special) to use_no_semi.o(.text) for __I$use$semihosting
    sys_wrch.o(.text) refers (Special) to indicate_semi.o(.text) for __semihosting_library_function
    defsig.o(CL$$defsig) refers to defsig_rtmem_inner.o(.text) for __rt_SIGRTMEM_inner
    defsig_abrt_inner.o(.text) refers to defsig_general.o(.text) for __default_signal_display
    defsig_fpe_inner.o(.text) refers to defsig_general.o(.text) for __default_signal_display
    defsig_rtred_inner.o(.text) refers to defsig_general.o(.text) for __default_signal_display
    defsig_stak_inner.o(.text) refers to defsig_general.o(.text) for __default_signal_display
    defsig_pvfn_inner.o(.text) refers to defsig_general.o(.text) for __default_signal_display
    defsig_cppl_inner.o(.text) refers to defsig_general.o(.text) for __default_signal_display
    defsig_segv_inner.o(.text) refers to defsig_general.o(.text) for __default_signal_display
    defsig_other.o(.text) refers to defsig_general.o(.text) for __default_signal_display


==============================================================================

Removing Unused input sections from the image.

    Removing proyectopruebamain.o(.rev16_text), (4 bytes).
    Removing proyectopruebamain.o(.revsh_text), (4 bytes).
    Removing proyectopruebamain.o(.rrx_text), (6 bytes).
    Removing ouradc.o(.rev16_text), (4 bytes).
    Removing ouradc.o(.revsh_text), (4 bytes).
    Removing ouradc.o(.rrx_text), (6 bytes).
    Removing ourrccgpio.o(.rev16_text), (4 bytes).
    Removing ourrccgpio.o(.revsh_text), (4 bytes).
    Removing ourrccgpio.o(.rrx_text), (6 bytes).
    Removing ourrccgpio.o(i.getGpioPinValue), (12 bytes).
    Removing ourrccgpio.o(i.setGpioPinOpenCollector), (28 bytes).
    Removing ourrccgpio.o(i.setGpioPinSpeed), (28 bytes).
    Removing ourrccgpio.o(i.togleGpioPinValue), (12 bytes).
    Removing sysclockandtick.o(.rev16_text), (4 bytes).
    Removing sysclockandtick.o(.revsh_text), (4 bytes).
    Removing sysclockandtick.o(.rrx_text), (6 bytes).
    Removing sysclockandtick.o(i.getTime), (12 bytes).
    Removing ourexti.o(.rev16_text), (4 bytes).
    Removing ourexti.o(.revsh_text), (4 bytes).
    Removing ourexti.o(.rrx_text), (6 bytes).
    Removing system_stm32f4xx.o(.rev16_text), (4 bytes).
    Removing system_stm32f4xx.o(.revsh_text), (4 bytes).
    Removing system_stm32f4xx.o(.rrx_text), (6 bytes).
    Removing system_stm32f4xx.o(i.SystemCoreClockUpdate), (192 bytes).
    Removing system_stm32f4xx.o(.constdata), (24 bytes).
    Removing system_stm32f4xx.o(.data), (4 bytes).
    Removing ourcom.o(.rev16_text), (4 bytes).
    Removing ourcom.o(.revsh_text), (4 bytes).
    Removing ourcom.o(.rrx_text), (6 bytes).
    Removing ouruart.o(.rev16_text), (4 bytes).
    Removing ouruart.o(.revsh_text), (4 bytes).
    Removing ouruart.o(.rrx_text), (6 bytes).

32 unused section(s) (total 424 bytes) removed from the image.

==============================================================================

Image Symbol Table

    Local Symbols

    Symbol Name                              Value     Ov Type        Size  Object(Section)

    ../clib/angel/boardlib.s                 0x00000000   Number         0  boardinit2.o ABSOLUTE
    ../clib/angel/boardlib.s                 0x00000000   Number         0  boardinit1.o ABSOLUTE
    ../clib/angel/boardlib.s                 0x00000000   Number         0  boardinit3.o ABSOLUTE
    ../clib/angel/boardlib.s                 0x00000000   Number         0  boardshut.o ABSOLUTE
    ../clib/angel/handlers.s                 0x00000000   Number         0  __scatter_copy.o ABSOLUTE
    ../clib/angel/handlers.s                 0x00000000   Number         0  __scatter_zi.o ABSOLUTE
    ../clib/angel/kernel.s                   0x00000000   Number         0  __rtentry2.o ABSOLUTE
    ../clib/angel/kernel.s                   0x00000000   Number         0  __rtentry4.o ABSOLUTE
    ../clib/angel/kernel.s                   0x00000000   Number         0  rtexit2.o ABSOLUTE
    ../clib/angel/kernel.s                   0x00000000   Number         0  __rtentry.o ABSOLUTE
    ../clib/angel/kernel.s                   0x00000000   Number         0  rtexit.o ABSOLUTE
    ../clib/angel/rt.s                       0x00000000   Number         0  rt_raise.o ABSOLUTE
    ../clib/angel/scatter.s                  0x00000000   Number         0  __scatter.o ABSOLUTE
    ../clib/angel/startup.s                  0x00000000   Number         0  __main.o ABSOLUTE
    ../clib/angel/sys.s                      0x00000000   Number         0  indicate_semi.o ABSOLUTE
    ../clib/angel/sys.s                      0x00000000   Number         0  sys_stackheap_outer.o ABSOLUTE
    ../clib/angel/sys.s                      0x00000000   Number         0  use_no_semi.o ABSOLUTE
    ../clib/angel/sys.s                      0x00000000   Number         0  libspace.o ABSOLUTE
    ../clib/angel/sysapp.c                   0x00000000   Number         0  sys_command.o ABSOLUTE
    ../clib/angel/sysapp.c                   0x00000000   Number         0  sys_exit.o ABSOLUTE
    ../clib/angel/sysapp.c                   0x00000000   Number         0  sys_wrch.o ABSOLUTE
    ../clib/armsys.c                         0x00000000   Number         0  _get_argv_nomalloc.o ABSOLUTE
    ../clib/armsys.c                         0x00000000   Number         0  argv_veneer.o ABSOLUTE
    ../clib/armsys.c                         0x00000000   Number         0  argv_veneer.o ABSOLUTE
    ../clib/armsys.c                         0x00000000   Number         0  no_argv.o ABSOLUTE
    ../clib/heapalloc.c                      0x00000000   Number         0  hrguard.o ABSOLUTE
    ../clib/heapaux.c                        0x00000000   Number         0  heapauxi.o ABSOLUTE
    ../clib/libinit.s                        0x00000000   Number         0  libinit.o ABSOLUTE
    ../clib/libinit.s                        0x00000000   Number         0  libshutdown2.o ABSOLUTE
    ../clib/libinit.s                        0x00000000   Number         0  libinit2.o ABSOLUTE
    ../clib/libinit.s                        0x00000000   Number         0  libshutdown.o ABSOLUTE
    ../clib/memcpset.s                       0x00000000   Number         0  rt_memcpy_w.o ABSOLUTE
    ../clib/memcpset.s                       0x00000000   Number         0  strcmpv7m.o ABSOLUTE
    ../clib/misc.s                           0x00000000   Number         0  printf_stubs.o ABSOLUTE
    ../clib/printf.c                         0x00000000   Number         0  _printf_hex_int_ptr.o ABSOLUTE
    ../clib/printf.c                         0x00000000   Number         0  _printf_hex_ptr.o ABSOLUTE
    ../clib/printf.c                         0x00000000   Number         0  _printf_hex_int_ll.o ABSOLUTE
    ../clib/printf.c                         0x00000000   Number         0  __printf_nopercent.o ABSOLUTE
    ../clib/printf.c                         0x00000000   Number         0  _printf_hex_int.o ABSOLUTE
    ../clib/printf.c                         0x00000000   Number         0  _printf_hex_ll.o ABSOLUTE
    ../clib/printf.c                         0x00000000   Number         0  __2sprintf.o ABSOLUTE
    ../clib/printf.c                         0x00000000   Number         0  noretval__2sprintf.o ABSOLUTE
    ../clib/printf.c                         0x00000000   Number         0  __printf.o ABSOLUTE
    ../clib/printf.c                         0x00000000   Number         0  __printf_flags.o ABSOLUTE
    ../clib/printf.c                         0x00000000   Number         0  _printf_hex_int_ll_ptr.o ABSOLUTE
    ../clib/printf.c                         0x00000000   Number         0  _printf_intcommon.o ABSOLUTE
    ../clib/printf.c                         0x00000000   Number         0  _printf_char_common.o ABSOLUTE
    ../clib/printf.c                         0x00000000   Number         0  _sputc.o ABSOLUTE
    ../clib/printf.c                         0x00000000   Number         0  __printf_flags_ss_wp.o ABSOLUTE
    ../clib/printf.c                         0x00000000   Number         0  __printf_ss_wp.o ABSOLUTE
    ../clib/printf.c                         0x00000000   Number         0  __printf_flags_wp.o ABSOLUTE
    ../clib/printf.c                         0x00000000   Number         0  __printf_wp.o ABSOLUTE
    ../clib/printf.c                         0x00000000   Number         0  __printf_flags_ss.o ABSOLUTE
    ../clib/printf.c                         0x00000000   Number         0  __printf_ss.o ABSOLUTE
    ../clib/printf.c                         0x00000000   Number         0  _printf_pad.o ABSOLUTE
    ../clib/printf.c                         0x00000000   Number         0  _printf_hex_ll_ptr.o ABSOLUTE
    ../clib/printf_percent.s                 0x00000000   Number         0  _printf_percent_end.o ABSOLUTE
    ../clib/printf_percent.s                 0x00000000   Number         0  _printf_percent.o ABSOLUTE
    ../clib/printf_percent.s                 0x00000000   Number         0  _printf_x.o ABSOLUTE
    ../clib/signal.c                         0x00000000   Number         0  defsig_cppl_inner.o ABSOLUTE
    ../clib/signal.c                         0x00000000   Number         0  defsig_general.o ABSOLUTE
    ../clib/signal.c                         0x00000000   Number         0  __raise.o ABSOLUTE
    ../clib/signal.c                         0x00000000   Number         0  defsig_rtmem_inner.o ABSOLUTE
    ../clib/signal.c                         0x00000000   Number         0  defsig_exit.o ABSOLUTE
    ../clib/signal.c                         0x00000000   Number         0  defsig_rtmem_formal.o ABSOLUTE
    ../clib/signal.c                         0x00000000   Number         0  defsig_rtmem_outer.o ABSOLUTE
    ../clib/signal.c                         0x00000000   Number         0  defsig_pvfn_inner.o ABSOLUTE
    ../clib/signal.c                         0x00000000   Number         0  defsig_stak_inner.o ABSOLUTE
    ../clib/signal.c                         0x00000000   Number         0  defsig_fpe_inner.o ABSOLUTE
    ../clib/signal.c                         0x00000000   Number         0  defsig_rtred_inner.o ABSOLUTE
    ../clib/signal.c                         0x00000000   Number         0  defsig_abrt_inner.o ABSOLUTE
    ../clib/signal.c                         0x00000000   Number         0  defsig_segv_inner.o ABSOLUTE
    ../clib/signal.c                         0x00000000   Number         0  defsig_other.o ABSOLUTE
    ../clib/signal.s                         0x00000000   Number         0  defsig.o ABSOLUTE
    ../clib/stdlib.c                         0x00000000   Number         0  exit.o ABSOLUTE
    ../clib/string.c                         0x00000000   Number         0  strcat.o ABSOLUTE
    ../clib/string.c                         0x00000000   Number         0  strlen.o ABSOLUTE
    ../fplib/fpinit.s                        0x00000000   Number         0  fpinit.o ABSOLUTE
    RTE\Device\STM32F407ZGTx\startup_stm32f407xx.s 0x00000000   Number         0  startup_stm32f407xx.o ABSOLUTE
    RTE\Device\STM32F407ZGTx\system_stm32f4xx.c 0x00000000   Number         0  system_stm32f4xx.o ABSOLUTE
    RTE\\Device\\STM32F407ZGTx\\system_stm32f4xx.c 0x00000000   Number         0  system_stm32f4xx.o ABSOLUTE
    dc.s                                     0x00000000   Number         0  dc.o ABSOLUTE
    ourAdc.c                                 0x00000000   Number         0  ouradc.o ABSOLUTE
    ourAdc.c                                 0x00000000   Number         0  ouradc.o ABSOLUTE
    ourCom.c                                 0x00000000   Number         0  ourcom.o ABSOLUTE
    ourCom.c                                 0x00000000   Number         0  ourcom.o ABSOLUTE
    ourExti.c                                0x00000000   Number         0  ourexti.o ABSOLUTE
    ourExti.c                                0x00000000   Number         0  ourexti.o ABSOLUTE
    ourRccGpio.c                             0x00000000   Number         0  ourrccgpio.o ABSOLUTE
    ourRccGpio.c                             0x00000000   Number         0  ourrccgpio.o ABSOLUTE
    ourUart.c                                0x00000000   Number         0  ouruart.o ABSOLUTE
    ourUart.c                                0x00000000   Number         0  ouruart.o ABSOLUTE
    proyectoPruebaMain.c                     0x00000000   Number         0  proyectopruebamain.o ABSOLUTE
    proyectoPruebaMain.c                     0x00000000   Number         0  proyectopruebamain.o ABSOLUTE
    sysClockAndTick.c                        0x00000000   Number         0  sysclockandtick.o ABSOLUTE
    sysClockAndTick.c                        0x00000000   Number         0  sysclockandtick.o ABSOLUTE
    u8Buffer.c                               0x00000000   Number         0  u8buffer.o ABSOLUTE
    RESET                                    0x08000000   Section      392  startup_stm32f407xx.o(RESET)
    !!!main                                  0x08000188   Section        8  __main.o(!!!main)
    !!!scatter                               0x08000190   Section       52  __scatter.o(!!!scatter)
    !!handler_copy                           0x080001c4   Section       26  __scatter_copy.o(!!handler_copy)
    !!handler_zi                             0x080001e0   Section       28  __scatter_zi.o(!!handler_zi)
    .ARM.Collect$$_printf_percent$$00000000  0x080001fc   Section        0  _printf_percent.o(.ARM.Collect$$_printf_percent$$00000000)
    .ARM.Collect$$_printf_percent$$0000000C  0x080001fc   Section        6  _printf_x.o(.ARM.Collect$$_printf_percent$$0000000C)
    .ARM.Collect$$_printf_percent$$00000017  0x08000202   Section        4  _printf_percent_end.o(.ARM.Collect$$_printf_percent$$00000017)
    .ARM.Collect$$libinit$$00000000          0x08000206   Section        2  libinit.o(.ARM.Collect$$libinit$$00000000)
    .ARM.Collect$$libinit$$00000001          0x08000208   Section        4  libinit2.o(.ARM.Collect$$libinit$$00000001)
    .ARM.Collect$$libinit$$00000004          0x0800020c   Section        0  libinit2.o(.ARM.Collect$$libinit$$00000004)
    .ARM.Collect$$libinit$$0000000A          0x0800020c   Section        0  libinit2.o(.ARM.Collect$$libinit$$0000000A)
    .ARM.Collect$$libinit$$0000000C          0x0800020c   Section        0  libinit2.o(.ARM.Collect$$libinit$$0000000C)
    .ARM.Collect$$libinit$$0000000E          0x0800020c   Section        0  libinit2.o(.ARM.Collect$$libinit$$0000000E)
    .ARM.Collect$$libinit$$00000011          0x0800020c   Section        0  libinit2.o(.ARM.Collect$$libinit$$00000011)
    .ARM.Collect$$libinit$$00000013          0x0800020c   Section        0  libinit2.o(.ARM.Collect$$libinit$$00000013)
    .ARM.Collect$$libinit$$00000015          0x0800020c   Section        0  libinit2.o(.ARM.Collect$$libinit$$00000015)
    .ARM.Collect$$libinit$$00000017          0x0800020c   Section        0  libinit2.o(.ARM.Collect$$libinit$$00000017)
    .ARM.Collect$$libinit$$00000019          0x0800020c   Section        0  libinit2.o(.ARM.Collect$$libinit$$00000019)
    .ARM.Collect$$libinit$$0000001B          0x0800020c   Section        0  libinit2.o(.ARM.Collect$$libinit$$0000001B)
    .ARM.Collect$$libinit$$0000001D          0x0800020c   Section        0  libinit2.o(.ARM.Collect$$libinit$$0000001D)
    .ARM.Collect$$libinit$$0000001F          0x0800020c   Section        0  libinit2.o(.ARM.Collect$$libinit$$0000001F)
    .ARM.Collect$$libinit$$00000021          0x0800020c   Section        0  libinit2.o(.ARM.Collect$$libinit$$00000021)
    .ARM.Collect$$libinit$$00000023          0x0800020c   Section        0  libinit2.o(.ARM.Collect$$libinit$$00000023)
    .ARM.Collect$$libinit$$00000025          0x0800020c   Section        0  libinit2.o(.ARM.Collect$$libinit$$00000025)
    .ARM.Collect$$libinit$$0000002C          0x0800020c   Section        0  libinit2.o(.ARM.Collect$$libinit$$0000002C)
    .ARM.Collect$$libinit$$0000002E          0x0800020c   Section        0  libinit2.o(.ARM.Collect$$libinit$$0000002E)
    .ARM.Collect$$libinit$$00000030          0x0800020c   Section        0  libinit2.o(.ARM.Collect$$libinit$$00000030)
    .ARM.Collect$$libinit$$00000032          0x0800020c   Section        0  libinit2.o(.ARM.Collect$$libinit$$00000032)
    .ARM.Collect$$libinit$$00000033          0x0800020c   Section        2  libinit2.o(.ARM.Collect$$libinit$$00000033)
    .ARM.Collect$$libshutdown$$00000000      0x0800020e   Section        2  libshutdown.o(.ARM.Collect$$libshutdown$$00000000)
    .ARM.Collect$$libshutdown$$00000002      0x08000210   Section        0  libshutdown2.o(.ARM.Collect$$libshutdown$$00000002)
    .ARM.Collect$$libshutdown$$00000004      0x08000210   Section        0  libshutdown2.o(.ARM.Collect$$libshutdown$$00000004)
    .ARM.Collect$$libshutdown$$00000007      0x08000210   Section        0  libshutdown2.o(.ARM.Collect$$libshutdown$$00000007)
    .ARM.Collect$$libshutdown$$0000000A      0x08000210   Section        0  libshutdown2.o(.ARM.Collect$$libshutdown$$0000000A)
    .ARM.Collect$$libshutdown$$0000000C      0x08000210   Section        0  libshutdown2.o(.ARM.Collect$$libshutdown$$0000000C)
    .ARM.Collect$$libshutdown$$0000000F      0x08000210   Section        0  libshutdown2.o(.ARM.Collect$$libshutdown$$0000000F)
    .ARM.Collect$$libshutdown$$00000010      0x08000210   Section        2  libshutdown2.o(.ARM.Collect$$libshutdown$$00000010)
    .ARM.Collect$$rtentry$$00000000          0x08000212   Section        0  __rtentry.o(.ARM.Collect$$rtentry$$00000000)
    .ARM.Collect$$rtentry$$00000002          0x08000212   Section        0  __rtentry2.o(.ARM.Collect$$rtentry$$00000002)
    .ARM.Collect$$rtentry$$00000004          0x08000212   Section        6  __rtentry4.o(.ARM.Collect$$rtentry$$00000004)
    .ARM.Collect$$rtentry$$00000009          0x08000218   Section        0  __rtentry2.o(.ARM.Collect$$rtentry$$00000009)
    .ARM.Collect$$rtentry$$0000000A          0x08000218   Section        4  __rtentry2.o(.ARM.Collect$$rtentry$$0000000A)
    .ARM.Collect$$rtentry$$0000000C          0x0800021c   Section        0  __rtentry2.o(.ARM.Collect$$rtentry$$0000000C)
    .ARM.Collect$$rtentry$$0000000D          0x0800021c   Section        8  __rtentry2.o(.ARM.Collect$$rtentry$$0000000D)
    .ARM.Collect$$rtexit$$00000000           0x08000224   Section        2  rtexit.o(.ARM.Collect$$rtexit$$00000000)
    .ARM.Collect$$rtexit$$00000002           0x08000226   Section        0  rtexit2.o(.ARM.Collect$$rtexit$$00000002)
    .ARM.Collect$$rtexit$$00000003           0x08000226   Section        4  rtexit2.o(.ARM.Collect$$rtexit$$00000003)
    .ARM.Collect$$rtexit$$00000004           0x0800022a   Section        6  rtexit2.o(.ARM.Collect$$rtexit$$00000004)
    .text                                    0x08000230   Section       64  startup_stm32f407xx.o(.text)
    $v0                                      0x08000230   Number         0  startup_stm32f407xx.o(.text)
    .text                                    0x08000270   Section        0  noretval__2sprintf.o(.text)
    .text                                    0x08000298   Section        0  _printf_pad.o(.text)
    .text                                    0x080002e8   Section        0  _printf_hex_int.o(.text)
    .text                                    0x08000340   Section        0  __printf_flags_wp.o(.text)
    .text                                    0x08000478   Section        0  strlen.o(.text)
    .text                                    0x080004b6   Section        0  strcat.o(.text)
    .text                                    0x080004ce   Section      100  rt_memcpy_w.o(.text)
    .text                                    0x08000534   Section      128  strcmpv7m.o(.text)
    .text                                    0x080005b4   Section        0  heapauxi.o(.text)
    .text                                    0x080005ba   Section        0  _printf_intcommon.o(.text)
    .text                                    0x0800066c   Section        0  _printf_char_common.o(.text)
    _printf_input_char                       0x0800066d   Thumb Code    10  _printf_char_common.o(.text)
    .text                                    0x0800069c   Section        0  _sputc.o(.text)
    .text                                    0x080006a6   Section       74  sys_stackheap_outer.o(.text)
    .text                                    0x080006f0   Section        0  exit.o(.text)
    .text                                    0x08000704   Section        8  libspace.o(.text)
    .text                                    0x0800070c   Section        0  sys_exit.o(.text)
    .text                                    0x08000718   Section        2  use_no_semi.o(.text)
    .text                                    0x0800071a   Section        0  indicate_semi.o(.text)
    i.RCC_AHB1PeriphClockCmd                 0x0800071c   Section        0  ourrccgpio.o(i.RCC_AHB1PeriphClockCmd)
    i.RCC_APB1PeriphClockCmd                 0x0800073c   Section        0  ourrccgpio.o(i.RCC_APB1PeriphClockCmd)
    i.RCC_APB2PeriphClockCmd                 0x0800075c   Section        0  ourrccgpio.o(i.RCC_APB2PeriphClockCmd)
    i.SysTick_Handler                        0x0800077c   Section        0  sysclockandtick.o(i.SysTick_Handler)
    i.SystemInit                             0x0800078c   Section        0  system_stm32f4xx.o(i.SystemInit)
    i.USART3_IRQHandler                      0x080007f0   Section        0  ourcom.o(i.USART3_IRQHandler)
    i.USART6_IRQHandler                      0x080007fa   Section        0  ourcom.o(i.USART6_IRQHandler)
    i._is_digit                              0x08000804   Section        0  __printf_wp.o(i._is_digit)
    i.blockingReadFromUart                   0x08000812   Section        0  proyectopruebamain.o(i.blockingReadFromUart)
    i.configUart                             0x08000848   Section        0  ouruart.o(i.configUart)
    i.enablePA0interruptOnExti0WhenRising    0x08000888   Section        0  ourexti.o(i.enablePA0interruptOnExti0WhenRising)
    i.get                                    0x080008d8   Section        0  u8buffer.o(i.get)
    i.getNumElements                         0x0800090c   Section        0  u8buffer.o(i.getNumElements)
    i.getNumHoles                            0x08000912   Section        0  u8buffer.o(i.getNumHoles)
    i.getSysClockFrequency                   0x0800091c   Section        0  sysclockandtick.o(i.getSysClockFrequency)
    i.initAdc01                              0x08000924   Section        0  ouradc.o(i.initAdc01)
    i.initBuffer                             0x08000984   Section        0  u8buffer.o(i.initBuffer)
    i.initCom                                0x08000994   Section        0  ourcom.o(i.initCom)
    i.initGPIO                               0x08000b2c   Section        0  proyectopruebamain.o(i.initGPIO)
    i.initGpioPinMode                        0x08000b70   Section        0  ourrccgpio.o(i.initGpioPinMode)
    i.initSysTick                            0x08000b8c   Section        0  sysclockandtick.o(i.initSysTick)
    i.initUartInts                           0x08000bc4   Section        0  ourcom.o(i.initUartInts)
    i.isEmpty                                0x08000c48   Section        0  u8buffer.o(i.isEmpty)
    i.isFull                                 0x08000c56   Section        0  u8buffer.o(i.isFull)
    i.main                                   0x08000c68   Section        0  proyectopruebamain.o(i.main)
    i.ourExti0Handler                        0x08000e34   Section        0  proyectopruebamain.o(i.ourExti0Handler)
    i.put                                    0x08000e5c   Section        0  u8buffer.o(i.put)
    i.readFromUart                           0x08000e90   Section        0  ourcom.o(i.readFromUart)
    i.resetPassword                          0x08000ee8   Section        0  proyectopruebamain.o(i.resetPassword)
    i.setGpioPinAF                           0x08000f0c   Section        0  ourrccgpio.o(i.setGpioPinAF)
    i.setGpioPinValue                        0x08000f4e   Section        0  ourrccgpio.o(i.setGpioPinValue)
    i.sinchronousGetSample                   0x08000f60   Section        0  ouradc.o(i.sinchronousGetSample)
    i.turnOffAllLeds                         0x08000f84   Section        0  proyectopruebamain.o(i.turnOffAllLeds)
    i.uartHandler                            0x08000fa8   Section        0  ourcom.o(i.uartHandler)
    i.waitSysTick                            0x0800106c   Section        0  sysclockandtick.o(i.waitSysTick)
    i.writeToUart                            0x08001090   Section        0  ourcom.o(i.writeToUart)
    x$fpl$fpinit                             0x08001134   Section       10  fpinit.o(x$fpl$fpinit)
    $v0                                      0x08001134   Number         0  fpinit.o(x$fpl$fpinit)
    .constdata                               0x0800113e   Section       40  _printf_hex_int.o(.constdata)
    uc_hextab                                0x0800113e   Data          20  _printf_hex_int.o(.constdata)
    lc_hextab                                0x08001152   Data          20  _printf_hex_int.o(.constdata)
    .constdata                               0x08001166   Section       17  __printf_flags_wp.o(.constdata)
    maptable                                 0x08001166   Data          17  __printf_flags_wp.o(.constdata)
    .data                                    0x20000000   Section       20  proyectopruebamain.o(.data)
    .data                                    0x20000014   Section        8  sysclockandtick.o(.data)
    .data                                    0x2000001c   Section       80  ourcom.o(.data)
    .bss                                     0x2000006c   Section       16  proyectopruebamain.o(.bss)
    .bss                                     0x2000007c   Section     1120  ourcom.o(.bss)
    .bss                                     0x200004dc   Section       96  libspace.o(.bss)
    HEAP                                     0x20000540   Section      512  startup_stm32f407xx.o(HEAP)
    Heap_Mem                                 0x20000540   Data         512  startup_stm32f407xx.o(HEAP)
    STACK                                    0x20000740   Section     1024  startup_stm32f407xx.o(STACK)
    Stack_Mem                                0x20000740   Data        1024  startup_stm32f407xx.o(STACK)
    __initial_sp                             0x20000b40   Data           0  startup_stm32f407xx.o(STACK)

    Global Symbols

    Symbol Name                              Value     Ov Type        Size  Object(Section)

    BuildAttributes$$THM_ISAv4$E$P$D$K$B$S$7EM$VFPi3$EXTD16$VFPS$VFMA$PE$A:L22UL41UL21$X:L11$S22US41US21$IEEE1$IW$USESV6$~STKCKD$USESV7$~SHL$OSPACE$ROPI$EBA8$UX$STANDARDLIB$REQ8$PRES8$EABIv2 0x00000000   Number         0  anon$$obj.o ABSOLUTE
    __ARM_use_no_argv                        0x00000000   Number         0  proyectopruebamain.o ABSOLUTE
    _printf_flags                            0x00000000   Number         0  printf_stubs.o ABSOLUTE
    _printf_return_value                     0x00000000   Number         0  printf_stubs.o ABSOLUTE
    _printf_sizespec                         0x00000000   Number         0  printf_stubs.o ABSOLUTE
    _printf_widthprec                        0x00000000   Number         0  printf_stubs.o ABSOLUTE
    __ARM_exceptions_init                     - Undefined Weak Reference
    __alloca_initialize                       - Undefined Weak Reference
    __arm_preinit_                            - Undefined Weak Reference
    __cpp_initialize__aeabi_                  - Undefined Weak Reference
    __cxa_finalize                            - Undefined Weak Reference
    __rt_locale                               - Undefined Weak Reference
    __sigvec_lookup                           - Undefined Weak Reference
    _atexit_init                              - Undefined Weak Reference
    _call_atexit_fns                          - Undefined Weak Reference
    _clock_init                               - Undefined Weak Reference
    _fp_trap_init                             - Undefined Weak Reference
    _fp_trap_shutdown                         - Undefined Weak Reference
    _get_lc_collate                           - Undefined Weak Reference
    _get_lc_ctype                             - Undefined Weak Reference
    _get_lc_monetary                          - Undefined Weak Reference
    _get_lc_numeric                           - Undefined Weak Reference
    _get_lc_time                              - Undefined Weak Reference
    _getenv_init                              - Undefined Weak Reference
    _handle_redirection                       - Undefined Weak Reference
    _init_alloc                               - Undefined Weak Reference
    _init_user_alloc                          - Undefined Weak Reference
    _initio                                   - Undefined Weak Reference
    _printf_truncate_unsigned                 - Undefined Weak Reference
    _rand_init                                - Undefined Weak Reference
    _signal_finish                            - Undefined Weak Reference
    _signal_init                              - Undefined Weak Reference
    _terminate_alloc                          - Undefined Weak Reference
    _terminate_user_alloc                     - Undefined Weak Reference
    _terminateio                              - Undefined Weak Reference
    __Vectors_Size                           0x00000188   Number         0  startup_stm32f407xx.o ABSOLUTE
    __Vectors                                0x08000000   Data           4  startup_stm32f407xx.o(RESET)
    __Vectors_End                            0x08000188   Data           0  startup_stm32f407xx.o(RESET)
    __main                                   0x08000189   Thumb Code     8  __main.o(!!!main)
    __scatterload                            0x08000191   Thumb Code     0  __scatter.o(!!!scatter)
    __scatterload_rt2                        0x08000191   Thumb Code    44  __scatter.o(!!!scatter)
    __scatterload_rt2_thumb_only             0x08000191   Thumb Code     0  __scatter.o(!!!scatter)
    __scatterload_null                       0x0800019f   Thumb Code     0  __scatter.o(!!!scatter)
    __scatterload_copy                       0x080001c5   Thumb Code    26  __scatter_copy.o(!!handler_copy)
    __scatterload_zeroinit                   0x080001e1   Thumb Code    28  __scatter_zi.o(!!handler_zi)
    _printf_percent                          0x080001fd   Thumb Code     0  _printf_percent.o(.ARM.Collect$$_printf_percent$$00000000)
    _printf_x                                0x080001fd   Thumb Code     0  _printf_x.o(.ARM.Collect$$_printf_percent$$0000000C)
    _printf_percent_end                      0x08000203   Thumb Code     0  _printf_percent_end.o(.ARM.Collect$$_printf_percent$$00000017)
    __rt_lib_init                            0x08000207   Thumb Code     0  libinit.o(.ARM.Collect$$libinit$$00000000)
    __rt_lib_init_fp_1                       0x08000209   Thumb Code     0  libinit2.o(.ARM.Collect$$libinit$$00000001)
    __rt_lib_init_alloca_1                   0x0800020d   Thumb Code     0  libinit2.o(.ARM.Collect$$libinit$$0000002E)
    __rt_lib_init_argv_1                     0x0800020d   Thumb Code     0  libinit2.o(.ARM.Collect$$libinit$$0000002C)
    __rt_lib_init_atexit_1                   0x0800020d   Thumb Code     0  libinit2.o(.ARM.Collect$$libinit$$0000001B)
    __rt_lib_init_clock_1                    0x0800020d   Thumb Code     0  libinit2.o(.ARM.Collect$$libinit$$00000021)
    __rt_lib_init_cpp_1                      0x0800020d   Thumb Code     0  libinit2.o(.ARM.Collect$$libinit$$00000032)
    __rt_lib_init_exceptions_1               0x0800020d   Thumb Code     0  libinit2.o(.ARM.Collect$$libinit$$00000030)
    __rt_lib_init_fp_trap_1                  0x0800020d   Thumb Code     0  libinit2.o(.ARM.Collect$$libinit$$0000001F)
    __rt_lib_init_getenv_1                   0x0800020d   Thumb Code     0  libinit2.o(.ARM.Collect$$libinit$$00000023)
    __rt_lib_init_heap_1                     0x0800020d   Thumb Code     0  libinit2.o(.ARM.Collect$$libinit$$0000000A)
    __rt_lib_init_lc_collate_1               0x0800020d   Thumb Code     0  libinit2.o(.ARM.Collect$$libinit$$00000011)
    __rt_lib_init_lc_ctype_1                 0x0800020d   Thumb Code     0  libinit2.o(.ARM.Collect$$libinit$$00000013)
    __rt_lib_init_lc_monetary_1              0x0800020d   Thumb Code     0  libinit2.o(.ARM.Collect$$libinit$$00000015)
    __rt_lib_init_lc_numeric_1               0x0800020d   Thumb Code     0  libinit2.o(.ARM.Collect$$libinit$$00000017)
    __rt_lib_init_lc_time_1                  0x0800020d   Thumb Code     0  libinit2.o(.ARM.Collect$$libinit$$00000019)
    __rt_lib_init_preinit_1                  0x0800020d   Thumb Code     0  libinit2.o(.ARM.Collect$$libinit$$00000004)
    __rt_lib_init_rand_1                     0x0800020d   Thumb Code     0  libinit2.o(.ARM.Collect$$libinit$$0000000E)
    __rt_lib_init_return                     0x0800020d   Thumb Code     0  libinit2.o(.ARM.Collect$$libinit$$00000033)
    __rt_lib_init_signal_1                   0x0800020d   Thumb Code     0  libinit2.o(.ARM.Collect$$libinit$$0000001D)
    __rt_lib_init_stdio_1                    0x0800020d   Thumb Code     0  libinit2.o(.ARM.Collect$$libinit$$00000025)
    __rt_lib_init_user_alloc_1               0x0800020d   Thumb Code     0  libinit2.o(.ARM.Collect$$libinit$$0000000C)
    __rt_lib_shutdown                        0x0800020f   Thumb Code     0  libshutdown.o(.ARM.Collect$$libshutdown$$00000000)
    __rt_lib_shutdown_cpp_1                  0x08000211   Thumb Code     0  libshutdown2.o(.ARM.Collect$$libshutdown$$00000002)
    __rt_lib_shutdown_fp_trap_1              0x08000211   Thumb Code     0  libshutdown2.o(.ARM.Collect$$libshutdown$$00000007)
    __rt_lib_shutdown_heap_1                 0x08000211   Thumb Code     0  libshutdown2.o(.ARM.Collect$$libshutdown$$0000000F)
    __rt_lib_shutdown_return                 0x08000211   Thumb Code     0  libshutdown2.o(.ARM.Collect$$libshutdown$$00000010)
    __rt_lib_shutdown_signal_1               0x08000211   Thumb Code     0  libshutdown2.o(.ARM.Collect$$libshutdown$$0000000A)
    __rt_lib_shutdown_stdio_1                0x08000211   Thumb Code     0  libshutdown2.o(.ARM.Collect$$libshutdown$$00000004)
    __rt_lib_shutdown_user_alloc_1           0x08000211   Thumb Code     0  libshutdown2.o(.ARM.Collect$$libshutdown$$0000000C)
    __rt_entry                               0x08000213   Thumb Code     0  __rtentry.o(.ARM.Collect$$rtentry$$00000000)
    __rt_entry_presh_1                       0x08000213   Thumb Code     0  __rtentry2.o(.ARM.Collect$$rtentry$$00000002)
    __rt_entry_sh                            0x08000213   Thumb Code     0  __rtentry4.o(.ARM.Collect$$rtentry$$00000004)
    __rt_entry_li                            0x08000219   Thumb Code     0  __rtentry2.o(.ARM.Collect$$rtentry$$0000000A)
    __rt_entry_postsh_1                      0x08000219   Thumb Code     0  __rtentry2.o(.ARM.Collect$$rtentry$$00000009)
    __rt_entry_main                          0x0800021d   Thumb Code     0  __rtentry2.o(.ARM.Collect$$rtentry$$0000000D)
    __rt_entry_postli_1                      0x0800021d   Thumb Code     0  __rtentry2.o(.ARM.Collect$$rtentry$$0000000C)
    __rt_exit                                0x08000225   Thumb Code     0  rtexit.o(.ARM.Collect$$rtexit$$00000000)
    __rt_exit_ls                             0x08000227   Thumb Code     0  rtexit2.o(.ARM.Collect$$rtexit$$00000003)
    __rt_exit_prels_1                        0x08000227   Thumb Code     0  rtexit2.o(.ARM.Collect$$rtexit$$00000002)
    __rt_exit_exit                           0x0800022b   Thumb Code     0  rtexit2.o(.ARM.Collect$$rtexit$$00000004)
    Reset_Handler                            0x08000231   Thumb Code     8  startup_stm32f407xx.o(.text)
    NMI_Handler                              0x08000239   Thumb Code     2  startup_stm32f407xx.o(.text)
    HardFault_Handler                        0x0800023b   Thumb Code     2  startup_stm32f407xx.o(.text)
    MemManage_Handler                        0x0800023d   Thumb Code     2  startup_stm32f407xx.o(.text)
    BusFault_Handler                         0x0800023f   Thumb Code     2  startup_stm32f407xx.o(.text)
    UsageFault_Handler                       0x08000241   Thumb Code     2  startup_stm32f407xx.o(.text)
    SVC_Handler                              0x08000243   Thumb Code     2  startup_stm32f407xx.o(.text)
    DebugMon_Handler                         0x08000245   Thumb Code     2  startup_stm32f407xx.o(.text)
    PendSV_Handler                           0x08000247   Thumb Code     2  startup_stm32f407xx.o(.text)
    ADC_IRQHandler                           0x0800024b   Thumb Code     0  startup_stm32f407xx.o(.text)
    CAN1_RX0_IRQHandler                      0x0800024b   Thumb Code     0  startup_stm32f407xx.o(.text)
    CAN1_RX1_IRQHandler                      0x0800024b   Thumb Code     0  startup_stm32f407xx.o(.text)
    CAN1_SCE_IRQHandler                      0x0800024b   Thumb Code     0  startup_stm32f407xx.o(.text)
    CAN1_TX_IRQHandler                       0x0800024b   Thumb Code     0  startup_stm32f407xx.o(.text)
    CAN2_RX0_IRQHandler                      0x0800024b   Thumb Code     0  startup_stm32f407xx.o(.text)
    CAN2_RX1_IRQHandler                      0x0800024b   Thumb Code     0  startup_stm32f407xx.o(.text)
    CAN2_SCE_IRQHandler                      0x0800024b   Thumb Code     0  startup_stm32f407xx.o(.text)
    CAN2_TX_IRQHandler                       0x0800024b   Thumb Code     0  startup_stm32f407xx.o(.text)
    DCMI_IRQHandler                          0x0800024b   Thumb Code     0  startup_stm32f407xx.o(.text)
    DMA1_Stream0_IRQHandler                  0x0800024b   Thumb Code     0  startup_stm32f407xx.o(.text)
    DMA1_Stream1_IRQHandler                  0x0800024b   Thumb Code     0  startup_stm32f407xx.o(.text)
    DMA1_Stream2_IRQHandler                  0x0800024b   Thumb Code     0  startup_stm32f407xx.o(.text)
    DMA1_Stream3_IRQHandler                  0x0800024b   Thumb Code     0  startup_stm32f407xx.o(.text)
    DMA1_Stream4_IRQHandler                  0x0800024b   Thumb Code     0  startup_stm32f407xx.o(.text)
    DMA1_Stream5_IRQHandler                  0x0800024b   Thumb Code     0  startup_stm32f407xx.o(.text)
    DMA1_Stream6_IRQHandler                  0x0800024b   Thumb Code     0  startup_stm32f407xx.o(.text)
    DMA1_Stream7_IRQHandler                  0x0800024b   Thumb Code     0  startup_stm32f407xx.o(.text)
    DMA2_Stream0_IRQHandler                  0x0800024b   Thumb Code     0  startup_stm32f407xx.o(.text)
    DMA2_Stream1_IRQHandler                  0x0800024b   Thumb Code     0  startup_stm32f407xx.o(.text)
    DMA2_Stream2_IRQHandler                  0x0800024b   Thumb Code     0  startup_stm32f407xx.o(.text)
    DMA2_Stream3_IRQHandler                  0x0800024b   Thumb Code     0  startup_stm32f407xx.o(.text)
    DMA2_Stream4_IRQHandler                  0x0800024b   Thumb Code     0  startup_stm32f407xx.o(.text)
    DMA2_Stream5_IRQHandler                  0x0800024b   Thumb Code     0  startup_stm32f407xx.o(.text)
    DMA2_Stream6_IRQHandler                  0x0800024b   Thumb Code     0  startup_stm32f407xx.o(.text)
    DMA2_Stream7_IRQHandler                  0x0800024b   Thumb Code     0  startup_stm32f407xx.o(.text)
    ETH_IRQHandler                           0x0800024b   Thumb Code     0  startup_stm32f407xx.o(.text)
    ETH_WKUP_IRQHandler                      0x0800024b   Thumb Code     0  startup_stm32f407xx.o(.text)
    EXTI0_IRQHandler                         0x0800024b   Thumb Code     0  startup_stm32f407xx.o(.text)
    EXTI15_10_IRQHandler                     0x0800024b   Thumb Code     0  startup_stm32f407xx.o(.text)
    EXTI1_IRQHandler                         0x0800024b   Thumb Code     0  startup_stm32f407xx.o(.text)
    EXTI2_IRQHandler                         0x0800024b   Thumb Code     0  startup_stm32f407xx.o(.text)
    EXTI3_IRQHandler                         0x0800024b   Thumb Code     0  startup_stm32f407xx.o(.text)
    EXTI4_IRQHandler                         0x0800024b   Thumb Code     0  startup_stm32f407xx.o(.text)
    EXTI9_5_IRQHandler                       0x0800024b   Thumb Code     0  startup_stm32f407xx.o(.text)
    FLASH_IRQHandler                         0x0800024b   Thumb Code     0  startup_stm32f407xx.o(.text)
    FMC_IRQHandler                           0x0800024b   Thumb Code     0  startup_stm32f407xx.o(.text)
    FPU_IRQHandler                           0x0800024b   Thumb Code     0  startup_stm32f407xx.o(.text)
    HASH_RNG_IRQHandler                      0x0800024b   Thumb Code     0  startup_stm32f407xx.o(.text)
    I2C1_ER_IRQHandler                       0x0800024b   Thumb Code     0  startup_stm32f407xx.o(.text)
    I2C1_EV_IRQHandler                       0x0800024b   Thumb Code     0  startup_stm32f407xx.o(.text)
    I2C2_ER_IRQHandler                       0x0800024b   Thumb Code     0  startup_stm32f407xx.o(.text)
    I2C2_EV_IRQHandler                       0x0800024b   Thumb Code     0  startup_stm32f407xx.o(.text)
    I2C3_ER_IRQHandler                       0x0800024b   Thumb Code     0  startup_stm32f407xx.o(.text)
    I2C3_EV_IRQHandler                       0x0800024b   Thumb Code     0  startup_stm32f407xx.o(.text)
    OTG_FS_IRQHandler                        0x0800024b   Thumb Code     0  startup_stm32f407xx.o(.text)
    OTG_FS_WKUP_IRQHandler                   0x0800024b   Thumb Code     0  startup_stm32f407xx.o(.text)
    OTG_HS_EP1_IN_IRQHandler                 0x0800024b   Thumb Code     0  startup_stm32f407xx.o(.text)
    OTG_HS_EP1_OUT_IRQHandler                0x0800024b   Thumb Code     0  startup_stm32f407xx.o(.text)
    OTG_HS_IRQHandler                        0x0800024b   Thumb Code     0  startup_stm32f407xx.o(.text)
    OTG_HS_WKUP_IRQHandler                   0x0800024b   Thumb Code     0  startup_stm32f407xx.o(.text)
    PVD_IRQHandler                           0x0800024b   Thumb Code     0  startup_stm32f407xx.o(.text)
    RCC_IRQHandler                           0x0800024b   Thumb Code     0  startup_stm32f407xx.o(.text)
    RTC_Alarm_IRQHandler                     0x0800024b   Thumb Code     0  startup_stm32f407xx.o(.text)
    RTC_WKUP_IRQHandler                      0x0800024b   Thumb Code     0  startup_stm32f407xx.o(.text)
    SDIO_IRQHandler                          0x0800024b   Thumb Code     0  startup_stm32f407xx.o(.text)
    SPI1_IRQHandler                          0x0800024b   Thumb Code     0  startup_stm32f407xx.o(.text)
    SPI2_IRQHandler                          0x0800024b   Thumb Code     0  startup_stm32f407xx.o(.text)
    SPI3_IRQHandler                          0x0800024b   Thumb Code     0  startup_stm32f407xx.o(.text)
    TAMP_STAMP_IRQHandler                    0x0800024b   Thumb Code     0  startup_stm32f407xx.o(.text)
    TIM1_BRK_TIM9_IRQHandler                 0x0800024b   Thumb Code     0  startup_stm32f407xx.o(.text)
    TIM1_CC_IRQHandler                       0x0800024b   Thumb Code     0  startup_stm32f407xx.o(.text)
    TIM1_TRG_COM_TIM11_IRQHandler            0x0800024b   Thumb Code     0  startup_stm32f407xx.o(.text)
    TIM1_UP_TIM10_IRQHandler                 0x0800024b   Thumb Code     0  startup_stm32f407xx.o(.text)
    TIM2_IRQHandler                          0x0800024b   Thumb Code     0  startup_stm32f407xx.o(.text)
    TIM3_IRQHandler                          0x0800024b   Thumb Code     0  startup_stm32f407xx.o(.text)
    TIM4_IRQHandler                          0x0800024b   Thumb Code     0  startup_stm32f407xx.o(.text)
    TIM5_IRQHandler                          0x0800024b   Thumb Code     0  startup_stm32f407xx.o(.text)
    TIM6_DAC_IRQHandler                      0x0800024b   Thumb Code     0  startup_stm32f407xx.o(.text)
    TIM7_IRQHandler                          0x0800024b   Thumb Code     0  startup_stm32f407xx.o(.text)
    TIM8_BRK_TIM12_IRQHandler                0x0800024b   Thumb Code     0  startup_stm32f407xx.o(.text)
    TIM8_CC_IRQHandler                       0x0800024b   Thumb Code     0  startup_stm32f407xx.o(.text)
    TIM8_TRG_COM_TIM14_IRQHandler            0x0800024b   Thumb Code     0  startup_stm32f407xx.o(.text)
    TIM8_UP_TIM13_IRQHandler                 0x0800024b   Thumb Code     0  startup_stm32f407xx.o(.text)
    UART4_IRQHandler                         0x0800024b   Thumb Code     0  startup_stm32f407xx.o(.text)
    UART5_IRQHandler                         0x0800024b   Thumb Code     0  startup_stm32f407xx.o(.text)
    USART1_IRQHandler                        0x0800024b   Thumb Code     0  startup_stm32f407xx.o(.text)
    USART2_IRQHandler                        0x0800024b   Thumb Code     0  startup_stm32f407xx.o(.text)
    WWDG_IRQHandler                          0x0800024b   Thumb Code     0  startup_stm32f407xx.o(.text)
    __user_initial_stackheap                 0x0800024d   Thumb Code     0  startup_stm32f407xx.o(.text)
    __2sprintf                               0x08000271   Thumb Code    34  noretval__2sprintf.o(.text)
    _printf_pre_padding                      0x08000299   Thumb Code    44  _printf_pad.o(.text)
    _printf_post_padding                     0x080002c5   Thumb Code    34  _printf_pad.o(.text)
    _printf_int_hex                          0x080002e9   Thumb Code    84  _printf_hex_int.o(.text)
    _printf_longlong_hex                     0x080002e9   Thumb Code     0  _printf_hex_int.o(.text)
    __printf                                 0x08000341   Thumb Code   308  __printf_flags_wp.o(.text)
    strlen                                   0x08000479   Thumb Code    62  strlen.o(.text)
    strcat                                   0x080004b7   Thumb Code    24  strcat.o(.text)
    __aeabi_memcpy4                          0x080004cf   Thumb Code     0  rt_memcpy_w.o(.text)
    __aeabi_memcpy8                          0x080004cf   Thumb Code     0  rt_memcpy_w.o(.text)
    __rt_memcpy_w                            0x080004cf   Thumb Code   100  rt_memcpy_w.o(.text)
    _memcpy_lastbytes_aligned                0x08000517   Thumb Code     0  rt_memcpy_w.o(.text)
    strcmp                                   0x08000535   Thumb Code   128  strcmpv7m.o(.text)
    __use_two_region_memory                  0x080005b5   Thumb Code     2  heapauxi.o(.text)
    __rt_heap_escrow$2region                 0x080005b7   Thumb Code     2  heapauxi.o(.text)
    __rt_heap_expand$2region                 0x080005b9   Thumb Code     2  heapauxi.o(.text)
    _printf_int_common                       0x080005bb   Thumb Code   178  _printf_intcommon.o(.text)
    _printf_char_common                      0x08000677   Thumb Code    32  _printf_char_common.o(.text)
    _sputc                                   0x0800069d   Thumb Code    10  _sputc.o(.text)
    __user_setup_stackheap                   0x080006a7   Thumb Code    74  sys_stackheap_outer.o(.text)
    exit                                     0x080006f1   Thumb Code    18  exit.o(.text)
    __user_libspace                          0x08000705   Thumb Code     8  libspace.o(.text)
    __user_perproc_libspace                  0x08000705   Thumb Code     0  libspace.o(.text)
    __user_perthread_libspace                0x08000705   Thumb Code     0  libspace.o(.text)
    _sys_exit                                0x0800070d   Thumb Code     8  sys_exit.o(.text)
    __I$use$semihosting                      0x08000719   Thumb Code     0  use_no_semi.o(.text)
    __use_no_semihosting_swi                 0x08000719   Thumb Code     2  use_no_semi.o(.text)
    __semihosting_library_function           0x0800071b   Thumb Code     0  indicate_semi.o(.text)
    RCC_AHB1PeriphClockCmd                   0x0800071d   Thumb Code    26  ourrccgpio.o(i.RCC_AHB1PeriphClockCmd)
    RCC_APB1PeriphClockCmd                   0x0800073d   Thumb Code    26  ourrccgpio.o(i.RCC_APB1PeriphClockCmd)
    RCC_APB2PeriphClockCmd                   0x0800075d   Thumb Code    26  ourrccgpio.o(i.RCC_APB2PeriphClockCmd)
    SysTick_Handler                          0x0800077d   Thumb Code    12  sysclockandtick.o(i.SysTick_Handler)
    SystemInit                               0x0800078d   Thumb Code    82  system_stm32f4xx.o(i.SystemInit)
    USART3_IRQHandler                        0x080007f1   Thumb Code    10  ourcom.o(i.USART3_IRQHandler)
    USART6_IRQHandler                        0x080007fb   Thumb Code    10  ourcom.o(i.USART6_IRQHandler)
    _is_digit                                0x08000805   Thumb Code    14  __printf_wp.o(i._is_digit)
    blockingReadFromUart                     0x08000813   Thumb Code    52  proyectopruebamain.o(i.blockingReadFromUart)
    configUart                               0x08000849   Thumb Code    60  ouruart.o(i.configUart)
    enablePA0interruptOnExti0WhenRising      0x08000889   Thumb Code    64  ourexti.o(i.enablePA0interruptOnExti0WhenRising)
    get                                      0x080008d9   Thumb Code    52  u8buffer.o(i.get)
    getNumElements                           0x0800090d   Thumb Code     6  u8buffer.o(i.getNumElements)
    getNumHoles                              0x08000913   Thumb Code    10  u8buffer.o(i.getNumHoles)
    getSysClockFrequency                     0x0800091d   Thumb Code     4  sysclockandtick.o(i.getSysClockFrequency)
    initAdc01                                0x08000925   Thumb Code    86  ouradc.o(i.initAdc01)
    initBuffer                               0x08000985   Thumb Code    14  u8buffer.o(i.initBuffer)
    initCom                                  0x08000995   Thumb Code   398  ourcom.o(i.initCom)
    initGPIO                                 0x08000b2d   Thumb Code    54  proyectopruebamain.o(i.initGPIO)
    initGpioPinMode                          0x08000b71   Thumb Code    28  ourrccgpio.o(i.initGpioPinMode)
    initSysTick                              0x08000b8d   Thumb Code    54  sysclockandtick.o(i.initSysTick)
    initUartInts                             0x08000bc5   Thumb Code   126  ourcom.o(i.initUartInts)
    isEmpty                                  0x08000c49   Thumb Code    14  u8buffer.o(i.isEmpty)
    isFull                                   0x08000c57   Thumb Code    18  u8buffer.o(i.isFull)
    main                                     0x08000c69   Thumb Code   386  proyectopruebamain.o(i.main)
    ourExti0Handler                          0x08000e35   Thumb Code    30  proyectopruebamain.o(i.ourExti0Handler)
    put                                      0x08000e5d   Thumb Code    50  u8buffer.o(i.put)
    readFromUart                             0x08000e91   Thumb Code    82  ourcom.o(i.readFromUart)
    resetPassword                            0x08000ee9   Thumb Code    26  proyectopruebamain.o(i.resetPassword)
    setGpioPinAF                             0x08000f0d   Thumb Code    66  ourrccgpio.o(i.setGpioPinAF)
    setGpioPinValue                          0x08000f4f   Thumb Code    16  ourrccgpio.o(i.setGpioPinValue)
    sinchronousGetSample                     0x08000f61   Thumb Code    32  ouradc.o(i.sinchronousGetSample)
    turnOffAllLeds                           0x08000f85   Thumb Code    28  proyectopruebamain.o(i.turnOffAllLeds)
    uartHandler                              0x08000fa9   Thumb Code   186  ourcom.o(i.uartHandler)
    waitSysTick                              0x0800106d   Thumb Code    26  sysclockandtick.o(i.waitSysTick)
    writeToUart                              0x08001091   Thumb Code   156  ourcom.o(i.writeToUart)
    _fp_init                                 0x08001135   Thumb Code    10  fpinit.o(x$fpl$fpinit)
    __fplib_config_fpu_vfp                   0x0800113d   Thumb Code     0  fpinit.o(x$fpl$fpinit)
    __fplib_config_pureend_doubles           0x0800113d   Thumb Code     0  fpinit.o(x$fpl$fpinit)
    Region$$Table$$Base                      0x08001178   Number         0  anon$$obj.o(Region$$Table)
    Region$$Table$$Limit                     0x08001198   Number         0  anon$$obj.o(Region$$Table)
    ledPins                                  0x20000000   Data          16  proyectopruebamain.o(.data)
    pos_password                             0x20000010   Data           4  proyectopruebamain.o(.data)
    ticks                                    0x20000014   Data           4  sysclockandtick.o(.data)
    ticksOld                                 0x20000018   Data           4  sysclockandtick.o(.data)
    uartCfgs                                 0x2000001c   Data          80  ourcom.o(.data)
    password                                 0x2000006c   Data          16  proyectopruebamain.o(.bss)
    uarts                                    0x2000007c   Data        1120  ourcom.o(.bss)
    __libspace_start                         0x200004dc   Data          96  libspace.o(.bss)
    __temporary_stack_top$libspace           0x2000053c   Data           0  libspace.o(.bss)



==============================================================================

Memory Map of the image

  Image Entry point : 0x08000231

  Load Region LR_1 (Base: 0x08000000, Size: 0x00001204, Max: 0xffffffff, ABSOLUTE)

    Execution Region ER_RO (Base: 0x08000000, Size: 0x00001198, Max: 0xffffffff, ABSOLUTE)

    Base Addr    Size         Type   Attr      Idx    E Section Name        Object

    0x08000000   0x00000188   Data   RO          306    RESET               startup_stm32f407xx.o
    0x08000188   0x00000008   Code   RO          588  * !!!main             c_w.l(__main.o)
    0x08000190   0x00000034   Code   RO          754    !!!scatter          c_w.l(__scatter.o)
    0x080001c4   0x0000001a   Code   RO          756    !!handler_copy      c_w.l(__scatter_copy.o)
    0x080001de   0x00000002   PAD
    0x080001e0   0x0000001c   Code   RO          758    !!handler_zi        c_w.l(__scatter_zi.o)
    0x080001fc   0x00000000   Code   RO          577    .ARM.Collect$$_printf_percent$$00000000  c_w.l(_printf_percent.o)
    0x080001fc   0x00000006   Code   RO          576    .ARM.Collect$$_printf_percent$$0000000C  c_w.l(_printf_x.o)
    0x08000202   0x00000004   Code   RO          597    .ARM.Collect$$_printf_percent$$00000017  c_w.l(_printf_percent_end.o)
    0x08000206   0x00000002   Code   RO          624    .ARM.Collect$$libinit$$00000000  c_w.l(libinit.o)
    0x08000208   0x00000004   Code   RO          630    .ARM.Collect$$libinit$$00000001  c_w.l(libinit2.o)
    0x0800020c   0x00000000   Code   RO          633    .ARM.Collect$$libinit$$00000004  c_w.l(libinit2.o)
    0x0800020c   0x00000000   Code   RO          636    .ARM.Collect$$libinit$$0000000A  c_w.l(libinit2.o)
    0x0800020c   0x00000000   Code   RO          638    .ARM.Collect$$libinit$$0000000C  c_w.l(libinit2.o)
    0x0800020c   0x00000000   Code   RO          640    .ARM.Collect$$libinit$$0000000E  c_w.l(libinit2.o)
    0x0800020c   0x00000000   Code   RO          643    .ARM.Collect$$libinit$$00000011  c_w.l(libinit2.o)
    0x0800020c   0x00000000   Code   RO          645    .ARM.Collect$$libinit$$00000013  c_w.l(libinit2.o)
    0x0800020c   0x00000000   Code   RO          647    .ARM.Collect$$libinit$$00000015  c_w.l(libinit2.o)
    0x0800020c   0x00000000   Code   RO          649    .ARM.Collect$$libinit$$00000017  c_w.l(libinit2.o)
    0x0800020c   0x00000000   Code   RO          651    .ARM.Collect$$libinit$$00000019  c_w.l(libinit2.o)
    0x0800020c   0x00000000   Code   RO          653    .ARM.Collect$$libinit$$0000001B  c_w.l(libinit2.o)
    0x0800020c   0x00000000   Code   RO          655    .ARM.Collect$$libinit$$0000001D  c_w.l(libinit2.o)
    0x0800020c   0x00000000   Code   RO          657    .ARM.Collect$$libinit$$0000001F  c_w.l(libinit2.o)
    0x0800020c   0x00000000   Code   RO          659    .ARM.Collect$$libinit$$00000021  c_w.l(libinit2.o)
    0x0800020c   0x00000000   Code   RO          661    .ARM.Collect$$libinit$$00000023  c_w.l(libinit2.o)
    0x0800020c   0x00000000   Code   RO          663    .ARM.Collect$$libinit$$00000025  c_w.l(libinit2.o)
    0x0800020c   0x00000000   Code   RO          667    .ARM.Collect$$libinit$$0000002C  c_w.l(libinit2.o)
    0x0800020c   0x00000000   Code   RO          669    .ARM.Collect$$libinit$$0000002E  c_w.l(libinit2.o)
    0x0800020c   0x00000000   Code   RO          671    .ARM.Collect$$libinit$$00000030  c_w.l(libinit2.o)
    0x0800020c   0x00000000   Code   RO          673    .ARM.Collect$$libinit$$00000032  c_w.l(libinit2.o)
    0x0800020c   0x00000002   Code   RO          674    .ARM.Collect$$libinit$$00000033  c_w.l(libinit2.o)
    0x0800020e   0x00000002   Code   RO          694    .ARM.Collect$$libshutdown$$00000000  c_w.l(libshutdown.o)
    0x08000210   0x00000000   Code   RO          707    .ARM.Collect$$libshutdown$$00000002  c_w.l(libshutdown2.o)
    0x08000210   0x00000000   Code   RO          709    .ARM.Collect$$libshutdown$$00000004  c_w.l(libshutdown2.o)
    0x08000210   0x00000000   Code   RO          712    .ARM.Collect$$libshutdown$$00000007  c_w.l(libshutdown2.o)
    0x08000210   0x00000000   Code   RO          715    .ARM.Collect$$libshutdown$$0000000A  c_w.l(libshutdown2.o)
    0x08000210   0x00000000   Code   RO          717    .ARM.Collect$$libshutdown$$0000000C  c_w.l(libshutdown2.o)
    0x08000210   0x00000000   Code   RO          720    .ARM.Collect$$libshutdown$$0000000F  c_w.l(libshutdown2.o)
    0x08000210   0x00000002   Code   RO          721    .ARM.Collect$$libshutdown$$00000010  c_w.l(libshutdown2.o)
    0x08000212   0x00000000   Code   RO          590    .ARM.Collect$$rtentry$$00000000  c_w.l(__rtentry.o)
    0x08000212   0x00000000   Code   RO          599    .ARM.Collect$$rtentry$$00000002  c_w.l(__rtentry2.o)
    0x08000212   0x00000006   Code   RO          611    .ARM.Collect$$rtentry$$00000004  c_w.l(__rtentry4.o)
    0x08000218   0x00000000   Code   RO          601    .ARM.Collect$$rtentry$$00000009  c_w.l(__rtentry2.o)
    0x08000218   0x00000004   Code   RO          602    .ARM.Collect$$rtentry$$0000000A  c_w.l(__rtentry2.o)
    0x0800021c   0x00000000   Code   RO          604    .ARM.Collect$$rtentry$$0000000C  c_w.l(__rtentry2.o)
    0x0800021c   0x00000008   Code   RO          605    .ARM.Collect$$rtentry$$0000000D  c_w.l(__rtentry2.o)
    0x08000224   0x00000002   Code   RO          628    .ARM.Collect$$rtexit$$00000000  c_w.l(rtexit.o)
    0x08000226   0x00000000   Code   RO          676    .ARM.Collect$$rtexit$$00000002  c_w.l(rtexit2.o)
    0x08000226   0x00000004   Code   RO          677    .ARM.Collect$$rtexit$$00000003  c_w.l(rtexit2.o)
    0x0800022a   0x00000006   Code   RO          678    .ARM.Collect$$rtexit$$00000004  c_w.l(rtexit2.o)
    0x08000230   0x00000040   Code   RO          307  * .text               startup_stm32f407xx.o
    0x08000270   0x00000028   Code   RO          529    .text               c_w.l(noretval__2sprintf.o)
    0x08000298   0x0000004e   Code   RO          533    .text               c_w.l(_printf_pad.o)
    0x080002e6   0x00000002   PAD
    0x080002e8   0x00000058   Code   RO          538    .text               c_w.l(_printf_hex_int.o)
    0x08000340   0x00000138   Code   RO          568    .text               c_w.l(__printf_flags_wp.o)
    0x08000478   0x0000003e   Code   RO          578    .text               c_w.l(strlen.o)
    0x080004b6   0x00000018   Code   RO          580    .text               c_w.l(strcat.o)
    0x080004ce   0x00000064   Code   RO          582    .text               c_w.l(rt_memcpy_w.o)
    0x08000532   0x00000002   PAD
    0x08000534   0x00000080   Code   RO          584    .text               c_w.l(strcmpv7m.o)
    0x080005b4   0x00000006   Code   RO          586    .text               c_w.l(heapauxi.o)
    0x080005ba   0x000000b2   Code   RO          591    .text               c_w.l(_printf_intcommon.o)
    0x0800066c   0x00000030   Code   RO          593    .text               c_w.l(_printf_char_common.o)
    0x0800069c   0x0000000a   Code   RO          595    .text               c_w.l(_sputc.o)
    0x080006a6   0x0000004a   Code   RO          615    .text               c_w.l(sys_stackheap_outer.o)
    0x080006f0   0x00000012   Code   RO          617    .text               c_w.l(exit.o)
    0x08000702   0x00000002   PAD
    0x08000704   0x00000008   Code   RO          625    .text               c_w.l(libspace.o)
    0x0800070c   0x0000000c   Code   RO          686    .text               c_w.l(sys_exit.o)
    0x08000718   0x00000002   Code   RO          697    .text               c_w.l(use_no_semi.o)
    0x0800071a   0x00000000   Code   RO          699    .text               c_w.l(indicate_semi.o)
    0x0800071a   0x00000002   PAD
    0x0800071c   0x00000020   Code   RO          150    i.RCC_AHB1PeriphClockCmd  ourrccgpio.o
    0x0800073c   0x00000020   Code   RO          151    i.RCC_APB1PeriphClockCmd  ourrccgpio.o
    0x0800075c   0x00000020   Code   RO          152    i.RCC_APB2PeriphClockCmd  ourrccgpio.o
    0x0800077c   0x00000010   Code   RO          228    i.SysTick_Handler   sysclockandtick.o
    0x0800078c   0x00000064   Code   RO          315    i.SystemInit        system_stm32f4xx.o
    0x080007f0   0x0000000a   Code   RO          351    i.USART3_IRQHandler  02uartLib.lib(ourcom.o)
    0x080007fa   0x0000000a   Code   RO          352    i.USART6_IRQHandler  02uartLib.lib(ourcom.o)
    0x08000804   0x0000000e   Code   RO          566    i._is_digit         c_w.l(__printf_wp.o)
    0x08000812   0x00000034   Code   RO            4    i.blockingReadFromUart  proyectopruebamain.o
    0x08000846   0x00000002   PAD
    0x08000848   0x00000040   Code   RO          453    i.configUart        02uartLib.lib(ouruart.o)
    0x08000888   0x00000050   Code   RO          282    i.enablePA0interruptOnExti0WhenRising  ourexti.o
    0x080008d8   0x00000034   Code   RO          474    i.get               02uartLib.lib(u8buffer.o)
    0x0800090c   0x00000006   Code   RO          475    i.getNumElements    02uartLib.lib(u8buffer.o)
    0x08000912   0x0000000a   Code   RO          476    i.getNumHoles       02uartLib.lib(u8buffer.o)
    0x0800091c   0x00000008   Code   RO          229    i.getSysClockFrequency  sysclockandtick.o
    0x08000924   0x00000060   Code   RO          120    i.initAdc01         ouradc.o
    0x08000984   0x0000000e   Code   RO          477    i.initBuffer        02uartLib.lib(u8buffer.o)
    0x08000992   0x00000002   PAD
    0x08000994   0x00000198   Code   RO          353    i.initCom           02uartLib.lib(ourcom.o)
    0x08000b2c   0x00000044   Code   RO            5    i.initGPIO          proyectopruebamain.o
    0x08000b70   0x0000001c   Code   RO          154    i.initGpioPinMode   ourrccgpio.o
    0x08000b8c   0x00000036   Code   RO          231    i.initSysTick       sysclockandtick.o
    0x08000bc2   0x00000002   PAD
    0x08000bc4   0x00000084   Code   RO          354    i.initUartInts      02uartLib.lib(ourcom.o)
    0x08000c48   0x0000000e   Code   RO          478    i.isEmpty           02uartLib.lib(u8buffer.o)
    0x08000c56   0x00000012   Code   RO          479    i.isFull            02uartLib.lib(u8buffer.o)
    0x08000c68   0x000001cc   Code   RO            6    i.main              proyectopruebamain.o
    0x08000e34   0x00000028   Code   RO            7    i.ourExti0Handler   proyectopruebamain.o
    0x08000e5c   0x00000032   Code   RO          480    i.put               02uartLib.lib(u8buffer.o)
    0x08000e8e   0x00000002   PAD
    0x08000e90   0x00000058   Code   RO          355    i.readFromUart      02uartLib.lib(ourcom.o)
    0x08000ee8   0x00000024   Code   RO            8    i.resetPassword     proyectopruebamain.o
    0x08000f0c   0x00000042   Code   RO          155    i.setGpioPinAF      ourrccgpio.o
    0x08000f4e   0x00000010   Code   RO          158    i.setGpioPinValue   ourrccgpio.o
    0x08000f5e   0x00000002   PAD
    0x08000f60   0x00000024   Code   RO          121    i.sinchronousGetSample  ouradc.o
    0x08000f84   0x00000024   Code   RO            9    i.turnOffAllLeds    proyectopruebamain.o
    0x08000fa8   0x000000c4   Code   RO          356    i.uartHandler       02uartLib.lib(ourcom.o)
    0x0800106c   0x00000024   Code   RO          232    i.waitSysTick       sysclockandtick.o
    0x08001090   0x000000a4   Code   RO          357    i.writeToUart       02uartLib.lib(ourcom.o)
    0x08001134   0x0000000a   Code   RO          684    x$fpl$fpinit        fz_wm.l(fpinit.o)
    0x0800113e   0x00000028   Data   RO          539    .constdata          c_w.l(_printf_hex_int.o)
    0x08001166   0x00000011   Data   RO          569    .constdata          c_w.l(__printf_flags_wp.o)
    0x08001177   0x00000001   PAD
    0x08001178   0x00000020   Data   RO          752    Region$$Table       anon$$obj.o


    Execution Region ER_RW (Base: 0x20000000, Size: 0x0000006c, Max: 0xffffffff, ABSOLUTE)

    Base Addr    Size         Type   Attr      Idx    E Section Name        Object

    0x20000000   0x00000014   Data   RW           11    .data               proyectopruebamain.o
    0x20000014   0x00000008   Data   RW          233    .data               sysclockandtick.o
    0x2000001c   0x00000050   Data   RW          359    .data               02uartLib.lib(ourcom.o)


    Execution Region ER_ZI (Base: 0x2000006c, Size: 0x00000ad4, Max: 0xffffffff, ABSOLUTE)

    Base Addr    Size         Type   Attr      Idx    E Section Name        Object

    0x2000006c   0x00000010   Zero   RW           10    .bss                proyectopruebamain.o
    0x2000007c   0x00000460   Zero   RW          358    .bss                02uartLib.lib(ourcom.o)
    0x200004dc   0x00000060   Zero   RW          626    .bss                c_w.l(libspace.o)
    0x2000053c   0x00000004   PAD
    0x20000540   0x00000200   Zero   RW          305    HEAP                startup_stm32f407xx.o
    0x20000740   0x00000400   Zero   RW          304    STACK               startup_stm32f407xx.o


==============================================================================

Image component sizes


      Code (inc. data)   RO Data    RW Data    ZI Data      Debug   Object Name

       132         14          0          0          0        943   ouradc.o
        80         16          0          0          0       1199   ourexti.o
       206         18          0          0          0       3646   ourrccgpio.o
       692        116          0         20         16     569904   proyectopruebamain.o
        64         26        392          0       1536        872   startup_stm32f407xx.o
       114         18          0          8          0       2622   sysclockandtick.o
       100         18          0          0          0        533   system_stm32f4xx.o

    ----------------------------------------------------------------------
      1394        226        424         28       1552     579719   Object Totals
         0          0         32          0          0          0   (incl. Generated)
         6          0          0          0          0          0   (incl. Padding)

    ----------------------------------------------------------------------

      Code (inc. data)   RO Data    RW Data    ZI Data      Debug   Library Member Name

      1008         40          0         80       1120     568641   ourcom.o
        64          4          0          0          0        937   ouruart.o
       164          0          0          0          0       4827   u8buffer.o
         8          0          0          0          0         68   __main.o
       312          4         17          0          0         92   __printf_flags_wp.o
        14          0          0          0          0         68   __printf_wp.o
         0          0          0          0          0          0   __rtentry.o
        12          0          0          0          0          0   __rtentry2.o
         6          0          0          0          0          0   __rtentry4.o
        52          8          0          0          0          0   __scatter.o
        26          0          0          0          0          0   __scatter_copy.o
        28          0          0          0          0          0   __scatter_zi.o
        48          6          0          0          0         96   _printf_char_common.o
        88          4         40          0          0         88   _printf_hex_int.o
       178          0          0          0          0         88   _printf_intcommon.o
        78          0          0          0          0        108   _printf_pad.o
         0          0          0          0          0          0   _printf_percent.o
         4          0          0          0          0          0   _printf_percent_end.o
         6          0          0          0          0          0   _printf_x.o
        10          0          0          0          0         68   _sputc.o
        18          0          0          0          0         80   exit.o
         6          0          0          0          0        152   heapauxi.o
         0          0          0          0          0          0   indicate_semi.o
         2          0          0          0          0          0   libinit.o
         6          0          0          0          0          0   libinit2.o
         2          0          0          0          0          0   libshutdown.o
         2          0          0          0          0          0   libshutdown2.o
         8          4          0          0         96         68   libspace.o
        40          6          0          0          0         84   noretval__2sprintf.o
       100          0          0          0          0         80   rt_memcpy_w.o
         2          0          0          0          0          0   rtexit.o
        10          0          0          0          0          0   rtexit2.o
        24          0          0          0          0         68   strcat.o
       128          0          0          0          0         68   strcmpv7m.o
        62          0          0          0          0         76   strlen.o
        12          4          0          0          0         68   sys_exit.o
        74          0          0          0          0         80   sys_stackheap_outer.o
         2          0          0          0          0         68   use_no_semi.o
        10          0          0          0          0        116   fpinit.o

    ----------------------------------------------------------------------
      2628         80         58         80       1220     576089   Library Totals
        14          0          1          0          4          0   (incl. Padding)

    ----------------------------------------------------------------------

      Code (inc. data)   RO Data    RW Data    ZI Data      Debug   Library Name

      1236         44          0         80       1120     574405   02uartLib.lib
      1368         36         57          0         96       1568   c_w.l
        10          0          0          0          0        116   fz_wm.l

    ----------------------------------------------------------------------
      2628         80         58         80       1220     576089   Library Totals

    ----------------------------------------------------------------------

==============================================================================


      Code (inc. data)   RO Data    RW Data    ZI Data      Debug   

      4022        306        482        108       2772    1152028   Grand Totals
      4022        306        482        108       2772    1152028   ELF Image Totals
      4022        306        482        108          0          0   ROM Totals

==============================================================================

    Total RO  Size (Code + RO Data)                 4504 (   4.40kB)
    Total RW  Size (RW Data + ZI Data)              2880 (   2.81kB)
    Total ROM Size (Code + RO Data + RW Data)       4612 (   4.50kB)

==============================================================================

